16:26:23.078 [main] DEBUG com.intuit.karate.Suite - [config] classpath:karate-config.js
16:26:23.092 [main] DEBUG com.intuit.karate.Suite - waiting for 3 features to complete
16:26:24.544 [pool-1-thread-5] INFO  com.intuit.karate - karate.env system property was: null 
16:26:24.597 [pool-1-thread-1] INFO  com.intuit.karate - karate.env system property was: null 
16:26:24.604 [pool-1-thread-4] INFO  com.intuit.karate - karate.env system property was: null 
16:26:24.612 [pool-1-thread-2] INFO  com.intuit.karate - karate.env system property was: null 
16:26:24.621 [pool-1-thread-3] INFO  com.intuit.karate - karate.env system property was: null 
16:26:24.763 [pool-1-thread-1] ERROR com.intuit.karate - classpath:examples/community/community.feature:8
* def titre = faker.book.title()
js failed:
>>>>
01: faker.book.title()
<<<<
org.graalvm.polyglot.PolyglotException: TypeError: invokeMember (title) on com.github.javafaker.Faker.book failed due to: Message not supported.
- <js>.:program(Unnamed:1)

classpath:examples/community/community.feature:8
16:26:24.794 [pool-1-thread-1] INFO  com.intuit.karate - karate.env system property was: null 
16:26:25.378 [pool-1-thread-5] DEBUG com.intuit.karate - request:
1 > GET https://jsonplaceholder.typicode.com/users
1 > Host: jsonplaceholder.typicode.com
1 > Connection: Keep-Alive
1 > User-Agent: Apache-HttpClient/4.5.13 (Java/17.0.20)
1 > Accept-Encoding: gzip,deflate


16:26:25.379 [pool-1-thread-1] DEBUG com.intuit.karate - request:
1 > POST https://jsonplaceholder.typicode.com/users
1 > Content-Type: application/json; charset=UTF-8
1 > Content-Length: 160
1 > Host: jsonplaceholder.typicode.com
1 > Connection: Keep-Alive
1 > User-Agent: Apache-HttpClient/4.5.13 (Java/17.0.20)
1 > Accept-Encoding: gzip,deflate
{"name":"Test User","username":"testuser","email":"test@user.com","address":{"street":"Has No Name","suite":"Apt. 123","city":"Electri","zipcode":"54321-6789"}}

16:26:25.380 [pool-1-thread-4] DEBUG com.intuit.karate - request:
1 > POST https://api.efi-academy.com/auth/login
1 > Content-Type: application/json; charset=UTF-8
1 > Content-Length: 42
1 > Host: api.efi-academy.com
1 > Connection: Keep-Alive
1 > User-Agent: Apache-HttpClient/4.5.13 (Java/17.0.20)
1 > Accept-Encoding: gzip,deflate
{"username":"admin","password":"admin123"}

16:26:25.380 [pool-1-thread-2] DEBUG com.intuit.karate - request:
1 > POST https://api.efi-academy.com/auth/login
1 > Content-Type: application/json; charset=UTF-8
1 > Content-Length: 42
1 > Host: api.efi-academy.com
1 > Connection: Keep-Alive
1 > User-Agent: Apache-HttpClient/4.5.13 (Java/17.0.20)
1 > Accept-Encoding: gzip,deflate
{"username":"admin","password":"admin123"}

16:26:25.380 [pool-1-thread-3] DEBUG com.intuit.karate - request:
1 > POST https://api.efi-academy.com/auth/login
1 > Content-Type: application/json; charset=UTF-8
1 > Content-Length: 42
1 > Host: api.efi-academy.com
1 > Connection: Keep-Alive
1 > User-Agent: Apache-HttpClient/4.5.13 (Java/17.0.20)
1 > Accept-Encoding: gzip,deflate
{"username":"admin","password":"admin123"}

16:26:25.926 [pool-1-thread-5] DEBUG com.intuit.karate - response time in milliseconds: 544
1 < 200
1 < Date: Mon, 31 Aug 2026 14:26:26 GMT
1 < Content-Type: application/json; charset=utf-8
1 < Connection: keep-alive
1 < access-control-allow-credentials: true
1 < Cache-Control: max-age=43200
1 < etag: W/"160d-1eMSsxeJRfnVLRBmYJSbCiJZ1qQ"
1 < expires: -1
1 < nel: {"report_to":"heroku-nel","response_headers":["Via"],"max_age":3600,"success_fraction":0.01,"failure_fraction":0.1}
1 < pragma: no-cache
1 < report-to: {"group":"heroku-nel","endpoints":[{"url":"https://nel.heroku.com/reports?s=7%2F75m7Mn1YENeG4Pa8iGdVmeD2ufYv8uAOYOcMd1Z30%3D\u0026sid=e11707d5-02a7-43ef-b45e-2cf4d2036f7d\u0026ts=1785194659"}],"max_age":3600}
1 < reporting-endpoints: heroku-nel="https://nel.heroku.com/reports?s=7%2F75m7Mn1YENeG4Pa8iGdVmeD2ufYv8uAOYOcMd1Z30%3D&sid=e11707d5-02a7-43ef-b45e-2cf4d2036f7d&ts=1785194659"
1 < Server: cloudflare
1 < vary: Origin, Accept-Encoding
1 < via: 2.0 heroku-router
1 < x-content-type-options: nosniff
1 < x-powered-by: Express
1 < x-ratelimit-limit: 1000
1 < x-ratelimit-remaining: 999
1 < x-ratelimit-reset: 1785194663
1 < Age: 18812
1 < Accept-Ranges: bytes
1 < cf-cache-status: HIT
1 < Server-Timing: cfCacheStatus;desc="HIT"
1 < Server-Timing: cfEdge;dur=9,cfOrigin;dur=0
1 < CF-RAY: a33cb5d1dace58fb-CDG
1 < alt-svc: h3=":443"; ma=86400
[
  {
    "id": 1,
    "name": "Leanne Graham",
    "username": "Bret",
    "email": "Sincere@april.biz",
    "address": {
      "street": "Kulas Light",
      "suite": "Apt. 556",
      "city": "Gwenborough",
      "zipcode": "92998-3874",
      "geo": {
        "lat": "-37.3159",
        "lng": "81.1496"
      }
    },
    "phone": "1-770-736-8031 x56442",
    "website": "hildegard.org",
    "company": {
      "name": "Romaguera-Crona",
      "catchPhrase": "Multi-layered client-server neural-net",
      "bs": "harness real-time e-markets"
    }
  },
  {
    "id": 2,
    "name": "Ervin Howell",
    "username": "Antonette",
    "email": "Shanna@melissa.tv",
    "address": {
      "street": "Victor Plains",
      "suite": "Suite 879",
      "city": "Wisokyburgh",
      "zipcode": "90566-7771",
      "geo": {
        "lat": "-43.9509",
        "lng": "-34.4618"
      }
    },
    "phone": "010-692-6593 x09125",
    "website": "anastasia.net",
    "company": {
      "name": "Deckow-Crist",
      "catchPhrase": "Proactive didactic contingency",
      "bs": "synergize scalable supply-chains"
    }
  },
  {
    "id": 3,
    "name": "Clementine Bauch",
    "username": "Samantha",
    "email": "Nathan@yesenia.net",
    "address": {
      "street": "Douglas Extension",
      "suite": "Suite 847",
      "city": "McKenziehaven",
      "zipcode": "59590-4157",
      "geo": {
        "lat": "-68.6102",
        "lng": "-47.0653"
      }
    },
    "phone": "1-463-123-4447",
    "website": "ramiro.info",
    "company": {
      "name": "Romaguera-Jacobson",
      "catchPhrase": "Face to face bifurcated interface",
      "bs": "e-enable strategic applications"
    }
  },
  {
    "id": 4,
    "name": "Patricia Lebsack",
    "username": "Karianne",
    "email": "Julianne.OConner@kory.org",
    "address": {
      "street": "Hoeger Mall",
      "suite": "Apt. 692",
      "city": "South Elvis",
      "zipcode": "53919-4257",
      "geo": {
        "lat": "29.4572",
        "lng": "-164.2990"
      }
    },
    "phone": "493-170-9623 x156",
    "website": "kale.biz",
    "company": {
      "name": "Robel-Corkery",
      "catchPhrase": "Multi-tiered zero tolerance productivity",
      "bs": "transition cutting-edge web services"
    }
  },
  {
    "id": 5,
    "name": "Chelsey Dietrich",
    "username": "Kamren",
    "email": "Lucio_Hettinger@annie.ca",
    "address": {
      "street": "Skiles Walks",
      "suite": "Suite 351",
      "city": "Roscoeview",
      "zipcode": "33263",
      "geo": {
        "lat": "-31.8129",
        "lng": "62.5342"
      }
    },
    "phone": "(254)954-1289",
    "website": "demarco.info",
    "company": {
      "name": "Keebler LLC",
      "catchPhrase": "User-centric fault-tolerant solution",
      "bs": "revolutionize end-to-end systems"
    }
  },
  {
    "id": 6,
    "name": "Mrs. Dennis Schulist",
    "username": "Leopoldo_Corkery",
    "email": "Karley_Dach@jasper.info",
    "address": {
      "street": "Norberto Crossing",
      "suite": "Apt. 950",
      "city": "South Christy",
      "zipcode": "23505-1337",
      "geo": {
        "lat": "-71.4197",
        "lng": "71.7478"
      }
    },
    "phone": "1-477-935-8478 x6430",
    "website": "ola.org",
    "company": {
      "name": "Considine-Lockman",
      "catchPhrase": "Synchronised bottom-line interface",
      "bs": "e-enable innovative applications"
    }
  },
  {
    "id": 7,
    "name": "Kurtis Weissnat",
    "username": "Elwyn.Skiles",
    "email": "Telly.Hoeger@billy.biz",
    "address": {
      "street": "Rex Trail",
      "suite": "Suite 280",
      "city": "Howemouth",
      "zipcode": "58804-1099",
      "geo": {
        "lat": "24.8918",
        "lng": "21.8984"
      }
    },
    "phone": "210.067.6132",
    "website": "elvis.io",
    "company": {
      "name": "Johns Group",
      "catchPhrase": "Configurable multimedia task-force",
      "bs": "generate enterprise e-tailers"
    }
  },
  {
    "id": 8,
    "name": "Nicholas Runolfsdottir V",
    "username": "Maxime_Nienow",
    "email": "Sherwood@rosamond.me",
    "address": {
      "street": "Ellsworth Summit",
      "suite": "Suite 729",
      "city": "Aliyaview",
      "zipcode": "45169",
      "geo": {
        "lat": "-14.3990",
        "lng": "-120.7677"
      }
    },
    "phone": "586.493.6943 x140",
    "website": "jacynthe.com",
    "company": {
      "name": "Abernathy Group",
      "catchPhrase": "Implemented secondary concept",
      "bs": "e-enable extensible e-tailers"
    }
  },
  {
    "id": 9,
    "name": "Glenna Reichert",
    "username": "Delphine",
    "email": "Chaim_McDermott@dana.io",
    "address": {
      "street": "Dayna Park",
      "suite": "Suite 449",
      "city": "Bartholomebury",
      "zipcode": "76495-3109",
      "geo": {
        "lat": "24.6463",
        "lng": "-168.8889"
      }
    },
    "phone": "(775)976-6794 x41206",
    "website": "conrad.com",
    "company": {
      "name": "Yost and Sons",
      "catchPhrase": "Switchable contextually-based project",
      "bs": "aggregate real-time technologies"
    }
  },
  {
    "id": 10,
    "name": "Clementina DuBuque",
    "username": "Moriah.Stanton",
    "email": "Rey.Padberg@karina.biz",
    "address": {
      "street": "Kattie Turnpike",
      "suite": "Suite 198",
      "city": "Lebsackbury",
      "zipcode": "31428-2261",
      "geo": {
        "lat": "-38.2386",
        "lng": "57.2232"
      }
    },
    "phone": "024-648-3804",
    "website": "ambrose.net",
    "company": {
      "name": "Hoeger LLC",
      "catchPhrase": "Centralized empowering task-force",
      "bs": "target end-to-end models"
    }
  }
]

16:26:25.967 [pool-1-thread-5] DEBUG com.intuit.karate - request:
2 > GET https://jsonplaceholder.typicode.com/users/1
2 > Host: jsonplaceholder.typicode.com
2 > Connection: Keep-Alive
2 > User-Agent: Apache-HttpClient/4.5.13 (Java/17.0.20)
2 > Accept-Encoding: gzip,deflate


16:26:26.025 [pool-1-thread-5] DEBUG com.intuit.karate - response time in milliseconds: 58
2 < 200
2 < Date: Mon, 31 Aug 2026 14:26:26 GMT
2 < Content-Type: application/json; charset=utf-8
2 < Transfer-Encoding: chunked
2 < Connection: keep-alive
2 < access-control-allow-credentials: true
2 < Cache-Control: max-age=43200
2 < etag: W/"1fd-+2Y3G3w049iSZtw5t1mzSnunngE"
2 < expires: -1
2 < nel: {"report_to":"heroku-nel","response_headers":["Via"],"max_age":3600,"success_fraction":0.01,"failure_fraction":0.1}
2 < pragma: no-cache
2 < report-to: {"group":"heroku-nel","endpoints":[{"url":"https://nel.heroku.com/reports?s=jfboPvrpR0B0u6wCl9mwP9BizfhqULJ1YP5NbnIiwvo%3D\u0026sid=e11707d5-02a7-43ef-b45e-2cf4d2036f7d\u0026ts=1788172949"}],"max_age":3600}
2 < reporting-endpoints: heroku-nel="https://nel.heroku.com/reports?s=jfboPvrpR0B0u6wCl9mwP9BizfhqULJ1YP5NbnIiwvo%3D&sid=e11707d5-02a7-43ef-b45e-2cf4d2036f7d&ts=1788172949"
2 < Server: cloudflare
2 < vary: Origin, Accept-Encoding
2 < via: 2.0 heroku-router
2 < x-content-type-options: nosniff
2 < x-powered-by: Express
2 < x-ratelimit-limit: 1000
2 < x-ratelimit-remaining: 999
2 < x-ratelimit-reset: 1788172960
2 < Age: 13437
2 < Server-Timing: cfCacheStatus;desc="HIT"
2 < Server-Timing: cfEdge;dur=8,cfOrigin;dur=0
2 < cf-cache-status: HIT
2 < CF-RAY: a33cb5d2afee9e64-CDG
2 < alt-svc: h3=":443"; ma=86400
{
  "id": 1,
  "name": "Leanne Graham",
  "username": "Bret",
  "email": "Sincere@april.biz",
  "address": {
    "street": "Kulas Light",
    "suite": "Apt. 556",
    "city": "Gwenborough",
    "zipcode": "92998-3874",
    "geo": {
      "lat": "-37.3159",
      "lng": "81.1496"
    }
  },
  "phone": "1-770-736-8031 x56442",
  "website": "hildegard.org",
  "company": {
    "name": "Romaguera-Crona",
    "catchPhrase": "Multi-layered client-server neural-net",
    "bs": "harness real-time e-markets"
  }
}

16:26:26.170 [pool-1-thread-1] DEBUG com.intuit.karate - response time in milliseconds: 789
1 < 201
1 < Date: Mon, 31 Aug 2026 14:26:26 GMT
1 < Content-Type: application/json; charset=utf-8
1 < Content-Length: 216
1 < Connection: keep-alive
1 < access-control-allow-credentials: true
1 < access-control-expose-headers: Location
1 < Cache-Control: no-cache
1 < etag: W/"d8-pYV7+YuMGP2hxHPU9ARrf97ifDA"
1 < expires: -1
1 < location: https://jsonplaceholder.typicode.com/users/11
1 < nel: {"report_to":"heroku-nel","response_headers":["Via"],"max_age":3600,"success_fraction":0.01,"failure_fraction":0.1}
1 < pragma: no-cache
1 < report-to: {"group":"heroku-nel","endpoints":[{"url":"https://nel.heroku.com/reports?s=8UMCF%2FOkq0kLAbZTZUbp4EdcfkXJq0JIP279X5P2W2I%3D\u0026sid=e11707d5-02a7-43ef-b45e-2cf4d2036f7d\u0026ts=1788186386"}],"max_age":3600}
1 < reporting-endpoints: heroku-nel="https://nel.heroku.com/reports?s=8UMCF%2FOkq0kLAbZTZUbp4EdcfkXJq0JIP279X5P2W2I%3D&sid=e11707d5-02a7-43ef-b45e-2cf4d2036f7d&ts=1788186386"
1 < Server: cloudflare
1 < vary: Origin, X-HTTP-Method-Override, Accept-Encoding
1 < via: 2.0 heroku-router
1 < x-content-type-options: nosniff
1 < x-powered-by: Express
1 < x-ratelimit-limit: 1000
1 < x-ratelimit-remaining: 999
1 < x-ratelimit-reset: 1788186405
1 < cf-cache-status: DYNAMIC
1 < Server-Timing: cfCacheStatus;desc="DYNAMIC"
1 < Server-Timing: cfEdge;dur=18,cfOrigin;dur=260
1 < CF-RAY: a33cb5d1de129ec9-CDG
1 < alt-svc: h3=":443"; ma=86400
{
  "name": "Test User",
  "username": "testuser",
  "email": "test@user.com",
  "address": {
    "street": "Has No Name",
    "suite": "Apt. 123",
    "city": "Electri",
    "zipcode": "54321-6789"
  },
  "id": 11
}

16:26:26.175 [pool-1-thread-1] INFO  com.intuit.karate - [print] created id is:  11 
16:26:26.369 [pool-1-thread-3] DEBUG com.intuit.karate - response time in milliseconds: 989
1 < 200
1 < Server: nginx
1 < Date: Mon, 31 Aug 2026 14:26:26 GMT
1 < Content-Type: application/json; charset=utf-8
1 < Content-Length: 561
1 < Connection: keep-alive
1 < X-Powered-By: Express
1 < Access-Control-Allow-Origin: *
1 < ETag: W/"231-7y17ZmXB37QPxq2Otk0/fLPSQr8"
{"message":"Login successful.","accessToken":"eyJhbGciOiJIUzI1NiIsInR5cCI6IkpXVCJ9.eyJzdWIiOjEsInVzZXJuYW1lIjoiYWRtaW4iLCJyb2xlIjoiQURNSU4iLCJpYXQiOjE3ODgxODYzODYsImV4cCI6MTc4ODE4OTk4Nn0.5kX8cB3R6ynclcWXk7gggioxY7hFqgtzLPWtIMFr3jg","refreshToken":"eyJhbGciOiJIUzI1NiIsInR5cCI6IkpXVCJ9.eyJzdWIiOjEsInVzZXJuYW1lIjoiYWRtaW4iLCJyb2xlIjoiQURNSU4iLCJpYXQiOjE3ODgxODYzODYsImV4cCI6MTc4ODc5MTE4Nn0.0hZJruHQn3B8V6hczb9k6X3-BgOLhBS8S0Wcmgzim_Q","tokenType":"Bearer","expiresIn":"1h","user":{"id":1,"username":"admin","role":"ADMIN","createdAt":"2026-05-12T12:16:07.196Z"}}

16:26:26.388 [pool-1-thread-3] DEBUG com.intuit.karate - request:
2 > POST https://api.efi-academy.com/public/employees
2 > Content-Type: application/json; charset=UTF-8
2 > Content-Length: 169
2 > Host: api.efi-academy.com
2 > Connection: Keep-Alive
2 > User-Agent: Apache-HttpClient/4.5.13 (Java/17.0.20)
2 > Accept-Encoding: gzip,deflate
{"firstName":"Alicjhjhe","lastName":"Dupont","email":"hilario.leffler@yahoo.com","position":"Software Engineer","salary":55000,"hireDate":"2022-01-15","status":"ACTIVE"}

16:26:26.822 [pool-1-thread-3] DEBUG com.intuit.karate - response time in milliseconds: 431
2 < 201
2 < Server: nginx
2 < Date: Mon, 31 Aug 2026 14:26:27 GMT
2 < Content-Type: application/json; charset=utf-8
2 < Content-Length: 309
2 < Connection: keep-alive
2 < X-Powered-By: Express
2 < Access-Control-Allow-Origin: *
2 < ETag: W/"135-P08jvuhyG6tHuWyOdjE0whdjbdA"
{"message":"Employee created.","data":{"id":850,"firstName":"Alicjhjhe","lastName":"Dupont","email":"hilario.leffler@yahoo.com","position":"Software Engineer","salary":55000,"hireDate":"2022-01-15T00:00:00.000Z","status":"ACTIVE","createdAt":"2026-08-31T14:26:27.087Z","updatedAt":"2026-08-31T14:26:27.087Z"}}

16:26:26.822 [pool-1-thread-4] DEBUG com.intuit.karate - response time in milliseconds: 1442
1 < 200
1 < Server: nginx
1 < Date: Mon, 31 Aug 2026 14:26:27 GMT
1 < Content-Type: application/json; charset=utf-8
1 < Content-Length: 561
1 < Connection: keep-alive
1 < X-Powered-By: Express
1 < Access-Control-Allow-Origin: *
1 < ETag: W/"231-a7ZYxvE2o9sYmB45L7uKzJ/BHNQ"
{"message":"Login successful.","accessToken":"eyJhbGciOiJIUzI1NiIsInR5cCI6IkpXVCJ9.eyJzdWIiOjEsInVzZXJuYW1lIjoiYWRtaW4iLCJyb2xlIjoiQURNSU4iLCJpYXQiOjE3ODgxODYzODcsImV4cCI6MTc4ODE4OTk4N30.yJi3NxNhMFif8nRSFkWOQy8A1IspXMdIeKukwvZALWA","refreshToken":"eyJhbGciOiJIUzI1NiIsInR5cCI6IkpXVCJ9.eyJzdWIiOjEsInVzZXJuYW1lIjoiYWRtaW4iLCJyb2xlIjoiQURNSU4iLCJpYXQiOjE3ODgxODYzODcsImV4cCI6MTc4ODc5MTE4N30.bpIIqs4cd3eRCv6S_r4KMpMLy6xhLFtKJyawCHQlEmo","tokenType":"Bearer","expiresIn":"1h","user":{"id":1,"username":"admin","role":"ADMIN","createdAt":"2026-05-12T12:16:07.196Z"}}

16:26:26.825 [pool-1-thread-2] DEBUG com.intuit.karate - response time in milliseconds: 1445
1 < 200
1 < Server: nginx
1 < Date: Mon, 31 Aug 2026 14:26:27 GMT
1 < Content-Type: application/json; charset=utf-8
1 < Content-Length: 561
1 < Connection: keep-alive
1 < X-Powered-By: Express
1 < Access-Control-Allow-Origin: *
1 < ETag: W/"231-a7ZYxvE2o9sYmB45L7uKzJ/BHNQ"
{"message":"Login successful.","accessToken":"eyJhbGciOiJIUzI1NiIsInR5cCI6IkpXVCJ9.eyJzdWIiOjEsInVzZXJuYW1lIjoiYWRtaW4iLCJyb2xlIjoiQURNSU4iLCJpYXQiOjE3ODgxODYzODcsImV4cCI6MTc4ODE4OTk4N30.yJi3NxNhMFif8nRSFkWOQy8A1IspXMdIeKukwvZALWA","refreshToken":"eyJhbGciOiJIUzI1NiIsInR5cCI6IkpXVCJ9.eyJzdWIiOjEsInVzZXJuYW1lIjoiYWRtaW4iLCJyb2xlIjoiQURNSU4iLCJpYXQiOjE3ODgxODYzODcsImV4cCI6MTc4ODc5MTE4N30.bpIIqs4cd3eRCv6S_r4KMpMLy6xhLFtKJyawCHQlEmo","tokenType":"Bearer","expiresIn":"1h","user":{"id":1,"username":"admin","role":"ADMIN","createdAt":"2026-05-12T12:16:07.196Z"}}

16:26:26.832 [pool-1-thread-4] DEBUG com.intuit.karate - request:
2 > POST https://api.efi-academy.com/api/employees
2 > Authorization: Bearer eyJhbGciOiJIUzI1NiIsInR5cCI6IkpXVCJ9.eyJzdWIiOjEsInVzZXJuYW1lIjoiYWRtaW4iLCJyb2xlIjoiQURNSU4iLCJpYXQiOjE3ODgxODYzODcsImV4cCI6MTc4ODE4OTk4N30.yJi3NxNhMFif8nRSFkWOQy8A1IspXMdIeKukwvZALWA
2 > Content-Type: application/json; charset=UTF-8
2 > Content-Length: 170
2 > Host: api.efi-academy.com
2 > Connection: Keep-Alive
2 > User-Agent: Apache-HttpClient/4.5.13 (Java/17.0.20)
2 > Accept-Encoding: gzip,deflate
{"firstName":"Alicjhjhe","lastName":"Dupont","email":"sammie.dickinson@gmail.com","position":"Software Engineer","salary":55000,"hireDate":"2022-01-15","status":"ACTIVE"}

16:26:26.834 [pool-1-thread-2] DEBUG com.intuit.karate - request:
2 > GET https://api.efi-academy.com/public/employees/2
2 > Host: api.efi-academy.com
2 > Connection: Keep-Alive
2 > User-Agent: Apache-HttpClient/4.5.13 (Java/17.0.20)
2 > Accept-Encoding: gzip,deflate


16:26:26.872 [pool-1-thread-3] DEBUG com.intuit.karate - request:
3 > PUT https://api.efi-academy.com/public/employees/850
3 > Content-Type: application/json; charset=UTF-8
3 > Content-Length: 19
3 > Host: api.efi-academy.com
3 > Connection: Keep-Alive
3 > User-Agent: Apache-HttpClient/4.5.13 (Java/17.0.20)
3 > Accept-Encoding: gzip,deflate
{"firstName":"Lam"}

16:26:26.892 [pool-1-thread-4] DEBUG com.intuit.karate - response time in milliseconds: 59
2 < 201
2 < Server: nginx
2 < Date: Mon, 31 Aug 2026 14:26:27 GMT
2 < Content-Type: application/json; charset=utf-8
2 < Content-Length: 310
2 < Connection: keep-alive
2 < X-Powered-By: Express
2 < Access-Control-Allow-Origin: *
2 < ETag: W/"136-4Ow+YrnW9cxOEcT9KGjOLV65Oi4"
{"message":"Employee created.","data":{"id":851,"firstName":"Alicjhjhe","lastName":"Dupont","email":"sammie.dickinson@gmail.com","position":"Software Engineer","salary":55000,"hireDate":"2022-01-15T00:00:00.000Z","status":"ACTIVE","createdAt":"2026-08-31T14:26:27.214Z","updatedAt":"2026-08-31T14:26:27.214Z"}}

16:26:26.894 [pool-1-thread-2] DEBUG com.intuit.karate - response time in milliseconds: 59
2 < 404
2 < Server: nginx
2 < Date: Mon, 31 Aug 2026 14:26:27 GMT
2 < Content-Type: application/json; charset=utf-8
2 < Content-Length: 54
2 < Connection: keep-alive
2 < X-Powered-By: Express
2 < Access-Control-Allow-Origin: *
2 < ETag: W/"36-MNRTi8Bo22zxHGJ08qJyex7C2Tg"
{"message":"Employee with id 2 not found.","code":404}

16:26:26.895 [pool-1-thread-2] ERROR com.intuit.karate - classpath:examples/employees/employees.feature:27
Then status 200
status code was: 404, expected: 200, response time in milliseconds: 59, url: https://api.efi-academy.com/public/employees/2, response: 
{"message":"Employee with id 2 not found.","code":404}
classpath:examples/employees/employees.feature:27
16:26:26.912 [pool-1-thread-4] DEBUG com.intuit.karate - request:
3 > PUT https://api.efi-academy.com/api/employees/851
3 > Authorization: Bearer eyJhbGciOiJIUzI1NiIsInR5cCI6IkpXVCJ9.eyJzdWIiOjEsInVzZXJuYW1lIjoiYWRtaW4iLCJyb2xlIjoiQURNSU4iLCJpYXQiOjE3ODgxODYzODcsImV4cCI6MTc4ODE4OTk4N30.yJi3NxNhMFif8nRSFkWOQy8A1IspXMdIeKukwvZALWA
3 > Content-Type: application/json; charset=UTF-8
3 > Content-Length: 19
3 > Host: api.efi-academy.com
3 > Connection: Keep-Alive
3 > User-Agent: Apache-HttpClient/4.5.13 (Java/17.0.20)
3 > Accept-Encoding: gzip,deflate
{"firstName":"Lam"}

16:26:26.947 [pool-1-thread-3] DEBUG com.intuit.karate - response time in milliseconds: 74
3 < 200
3 < Server: nginx
3 < Date: Mon, 31 Aug 2026 14:26:27 GMT
3 < Content-Type: application/json; charset=utf-8
3 < Content-Length: 303
3 < Connection: keep-alive
3 < X-Powered-By: Express
3 < Access-Control-Allow-Origin: *
3 < ETag: W/"12f-OTx5q4gKoiLPRQ82i/FnyhWcco8"
{"message":"Employee updated.","data":{"id":850,"firstName":"Lam","lastName":"Dupont","email":"hilario.leffler@yahoo.com","position":"Software Engineer","salary":55000,"hireDate":"2022-01-15T00:00:00.000Z","status":"ACTIVE","createdAt":"2026-08-31T14:26:27.087Z","updatedAt":"2026-08-31T14:26:27.269Z"}}

16:26:26.957 [pool-1-thread-3] DEBUG com.intuit.karate - request:
4 > DELETE https://api.efi-academy.com/public/employees/850
4 > Content-Type: application/json; charset=UTF-8
4 > Content-Length: 19
4 > Host: api.efi-academy.com
4 > Connection: Keep-Alive
4 > User-Agent: Apache-HttpClient/4.5.13 (Java/17.0.20)
4 > Accept-Encoding: gzip,deflate
{"firstName":"Lam"}

16:26:26.982 [pool-1-thread-4] DEBUG com.intuit.karate - response time in milliseconds: 69
3 < 200
3 < Server: nginx
3 < Date: Mon, 31 Aug 2026 14:26:27 GMT
3 < Content-Type: application/json; charset=utf-8
3 < Content-Length: 304
3 < Connection: keep-alive
3 < X-Powered-By: Express
3 < Access-Control-Allow-Origin: *
3 < ETag: W/"130-46ezzldUUK6T2sCoToeT/mvbUzw"
{"message":"Employee updated.","data":{"id":851,"firstName":"Lam","lastName":"Dupont","email":"sammie.dickinson@gmail.com","position":"Software Engineer","salary":55000,"hireDate":"2022-01-15T00:00:00.000Z","status":"ACTIVE","createdAt":"2026-08-31T14:26:27.214Z","updatedAt":"2026-08-31T14:26:27.305Z"}}

16:26:26.995 [pool-1-thread-4] DEBUG com.intuit.karate - request:
4 > DELETE https://api.efi-academy.com/public/employees/851
4 > Authorization: Bearer eyJhbGciOiJIUzI1NiIsInR5cCI6IkpXVCJ9.eyJzdWIiOjEsInVzZXJuYW1lIjoiYWRtaW4iLCJyb2xlIjoiQURNSU4iLCJpYXQiOjE3ODgxODYzODcsImV4cCI6MTc4ODE4OTk4N30.yJi3NxNhMFif8nRSFkWOQy8A1IspXMdIeKukwvZALWA
4 > Content-Type: application/json; charset=UTF-8
4 > Content-Length: 19
4 > Host: api.efi-academy.com
4 > Connection: Keep-Alive
4 > User-Agent: Apache-HttpClient/4.5.13 (Java/17.0.20)
4 > Accept-Encoding: gzip,deflate
{"firstName":"Lam"}

16:26:27.022 [pool-1-thread-3] DEBUG com.intuit.karate - response time in milliseconds: 64
4 < 200
4 < Server: nginx
4 < Date: Mon, 31 Aug 2026 14:26:27 GMT
4 < Content-Type: application/json; charset=utf-8
4 < Content-Length: 35
4 < Connection: keep-alive
4 < X-Powered-By: Express
4 < Access-Control-Allow-Origin: *
4 < ETag: W/"23-HrVjm+MQQZXT15UFn/nJUfFURhQ"
{"message":"Employee 850 deleted."}

16:26:27.065 [pool-1-thread-4] DEBUG com.intuit.karate - response time in milliseconds: 70
4 < 200
4 < Server: nginx
4 < Date: Mon, 31 Aug 2026 14:26:27 GMT
4 < Content-Type: application/json; charset=utf-8
4 < Content-Length: 35
4 < Connection: keep-alive
4 < X-Powered-By: Express
4 < Access-Control-Allow-Origin: *
4 < ETag: W/"23-a88/tIYMffS+21xUelt+6Q8qoPY"
{"message":"Employee 851 deleted."}

16:26:27.248 [pool-2-thread-1] INFO  com.intuit.karate.Suite - <<fail>> feature 1 of 3 (2 remaining) classpath:examples/community/community.feature
16:26:27.249 [pool-2-thread-1] ERROR io.qameta.allure.AllureLifecycle - Could not write test case: test case with uuid 0741904a-f910-45ee-a39a-0e462aeafc36 not found
16:26:28.030 [pool-2-thread-1] INFO  com.intuit.karate.Suite - <<fail>> feature 2 of 3 (1 remaining) classpath:examples/employees/employees.feature
16:26:28.032 [pool-2-thread-1] ERROR io.qameta.allure.AllureLifecycle - Could not write test case: test case with uuid 0741904a-f910-45ee-a39a-0e462aeafc36 not found
16:26:28.032 [pool-2-thread-1] ERROR io.qameta.allure.AllureLifecycle - Could not write test case: test case with uuid 2c658325-b456-41c3-a8ad-957b25ac0878 not found
16:26:28.032 [pool-2-thread-1] ERROR io.qameta.allure.AllureLifecycle - Could not write test case: test case with uuid 6b73b038-4d65-40d3-8cde-80f3f4f3fe2f not found
16:26:28.033 [pool-2-thread-1] ERROR io.qameta.allure.AllureLifecycle - Could not write test case: test case with uuid fce00ad8-a803-46e0-b0be-76b46f8e94e8 not found
16:26:28.033 [pool-2-thread-1] ERROR io.qameta.allure.AllureLifecycle - Could not write test case: test case with uuid 0ece1c22-1958-4096-a75e-b5f5bca3d03a not found
16:26:28.033 [pool-2-thread-1] ERROR io.qameta.allure.AllureLifecycle - Could not write test case: test case with uuid 0da980ad-6d97-4ebd-be5e-eaf92fd685a2 not found
16:26:28.128 [pool-2-thread-1] INFO  com.intuit.karate.Suite - <<pass>> feature 3 of 3 (0 remaining) classpath:examples/users/users.feature
